# THE PACKAGE -- what we hand people, and the ONLY thing the User Manual may name.
#
# A user gets a zip: the `altairsim` binary, `altairsim-manual.pdf`, `DRIVING-WITH-AI.md`, and
# the examples/ tree -- each example a self-contained folder holding a machine file and the
# media it mounts. The DIR table below is the list of them, and this sentence deliberately
# does not repeat it: naming them twice in one file is how the previous wording ("some disks
# and tapes") outlived the layout it described.
#
# They do NOT get this repository -- no src/, no CMakeLists, no tests, no DESIGN.md, no
# docs/boards/. So the manual may not reference any of it, and every path it prints must be
# a path that exists INSIDE THE ZIP.
#
# TWO documents ship, not one. The manual (a PDF) is for the human. DRIVING-WITH-AI.md is for
# an AI assistant driving the machine over MCP -- it is dropped, verbatim, into a working
# directory so a user can start an assistant there and say "Using altairsim, do ...". It is a
# FILE below (token-expanded on the way in, exactly like the manual), NOT a chapter of the manual.
#
# This file is how that is enforced rather than merely intended. It is the single source
# of truth for three things that would otherwise drift apart:
#
#   1. TOKENS. The manual's Markdown writes {{MACHINE_CPM}}, never a literal path. The doc
#      build substitutes from here and FAILS on any token it cannot resolve, so a path
#      cannot reach the PDF unexpanded and a path cannot be invented in prose.
#   2. CONTENTS. tools/build-package.sh assembles the zip from the DIRS and FILES below.
#   3. THE TESTS, and read what they actually do rather than what you would like them to.
#      tests/acceptance/docs-manual.cmake greps the chapters for anything pointing outside
#      the package (src/, ctest, a bare header) and checks every chapter is in ORDER.
#      tests/acceptance/docs-package.cmake reads THIS file and docs/manual/package.md and
#      fails unless they name the same set -- every FILE/DIR here appears in the manual, and
#      nothing in the manual's manifest is missing here. tests/acceptance/examples.cmake
#      copies the examples to a scratch directory with no repository in sight and boots them.
#
#      WHAT NOTHING DOES is assemble this package and run the manual's own commands against
#      it. docs-package.cmake compares the two manifests as TEXT -- the cheap half -- but
#      tools/build-package.sh is run by no workflow and no test, only by hand, so nobody types
#      the manual's commands at the actual zip. A chapter can still tell you to type something
#      that does not work in the package and the suite stays green, which is not a
#      hypothetical: the manual promised "CP/M in one command" while the published archive
#      carried no media at all. (An earlier version of this comment claimed a manual.cmake
#      that never existed, and a claimed test is worse than a missing one -- it is the missing
#      test plus the belief that you have it.)
#
# THE PACKAGE LAYOUT MIRRORS THE REPOSITORY'S examples/ TREE, and that is the point of that
# tree (2026-07-19): the shipped set has ONE home, the tests boot it there, and assembling
# the package is a copy rather than a rearrangement. A path that works in a clone works in
# the zip, which is the only way the manual can be true in both.
#
# ---------------------------------------------------------------------------
# DIRS -- <package path>  <=  <path in this repo>
#
# Each example ships as a DIRECTORY, because a machine file names the disk lying beside
# it ("cpm22b23-56k.dsk", no directory at all) and paths inside a machine file resolve
# against THAT FILE. Keep the .toml and its image together and the folder boots wherever
# it is copied to -- which is the whole point of the rule.
#
# AND NOT EVERY EXAMPLE'S MEDIA IS AN IMAGE. examples/debugger's is a 46-byte program: a
# .HEX to LOAD and the .PRN listing that SYMBOLS LOAD reads, which is the first line of its
# own walkthrough. So build-package.sh strips a .ASM/.PRN pair only from an example that
# ships a disk or a tape -- there it is how the image was made, and it stays in the tree.
# Where there is no image, the listing IS the product and it ships.
# ---------------------------------------------------------------------------

DIR  examples/cpm        <=  examples/cpm
DIR  examples/basic      <=  examples/basic
DIR  examples/sol        <=  examples/sol
DIR  examples/diskbasic  <=  examples/diskbasic
DIR  examples/debugger   <=  examples/debugger
DIR  examples/ai-mcp     <=  examples/ai-mcp

# NOT AN EXAMPLE, and the one DIR here not under examples/. cpm/hostbridge/ is the SOURCE of the
# file-transfer utilities the file-transfer chapter sends across the host bridge -- R/W/HDIR as
# 8080 source, the assembled .HEX, and the .COM. It ships because a package holder moving files
# in and out should not have to clone the repository to get them (issue #380): the disk in
# examples/cpm already carries the .COM, but the loose source and .HEX -- what you paste into a
# fresh disk to bootstrap the utilities onto it -- lived only in the repo. A DIR, not FILEs: the
# FILE loop runs token-substitution sed over each file and would corrupt a binary .COM; the DIR
# copy is a plain cp -R. build-package.sh strips README.md from it, and keeps the .ASM/.PRN
# because this DIR ships no disk or tape image (that strip is conditional on one).
DIR  cpm/hostbridge      <=  cpm/hostbridge

# ---------------------------------------------------------------------------
# FILES -- <package path>  <=  <path in this repo>
#
# A single file copied to the zip, TOKEN-EXPANDED on the way in (the {{MACHINE_CPM}} in
# DRIVING-WITH-AI.md becomes the real package path, same as in the manual). Use this for a
# loose top-level file; use DIR for a self-contained example folder.
# ---------------------------------------------------------------------------

FILE  DRIVING-WITH-AI.md   <=  docs/DRIVING-WITH-AI.md
FILE  cheatsheet.md        <=  docs/manual/ref/cheatsheet.md
FILE  LICENSE              <=  LICENSE
FILE  LICENSE-SDL3         <=  LICENSE-SDL3

# The cheatsheet ALSO ships as a rendered PDF, altairsim-cheatsheet.pdf -- the same content a
# person can open in a file manager. It is NOT a FILE line: like altairsim-manual.pdf and
# altairsim-changelog.pdf it is a BUILD ARTIFACT, produced by docs.yml from the .md above and
# copied straight from the tree by build-package.sh (a FILE line would run the token sed over a
# binary PDF and corrupt it). The .md above stays: it is the AI's plain-text crib.

# LICENSE-SDL3 is SDL3's zlib licence, and it ships because SDL3 is LINKED STATICALLY INTO
# THE BINARY (DISTRIBUTION.md 3.2) -- the code is in there, so its licence belongs in here.
# There is no library beside the program to point at; this file is the only notice the
# package carries. It was harmless to omit while every shipped binary was headless, and it
# stopped being harmless the moment one was not.

# Disk BASIC WAS the TBD here, and it is now real (2026-07-19): an image, a machine file
# and an acceptance test that reaches its OK prompt. The DIR line above is the two lines
# this note said it would take.

# ---------------------------------------------------------------------------
# TOKENS -- what the manual writes, and what it means.
# ---------------------------------------------------------------------------

# The CP/M machine. Buffered CP/M 2.2 on an 8" floppy: it carries `startup = ["RUN FF00"]`,
# so naming it IS booting it, and it is the quick start.
MACHINE_CPM   = examples/cpm/cpm22-buffered.toml
DISK_CPM      = examples/cpm/cpm22b23-56k.dsk

# Cassette BASIC. WHICH ONE SHIPS IS TBD (4K or 8K); this points at 4K today because it is
# the one with an acceptance test behind it.
MACHINE_BASIC = examples/basic/basic4k.toml
TAPE_BASIC    = examples/basic/4K BASIC Ver 3-1.tap
LOADER_BASIC  = examples/basic/LDR4K31.HEX
NAME_BASIC    = Altair 4K BASIC 3.1

# BASIC 1.0 -- the first Altair BASIC (1975), in the same examples/basic folder. A
# self-contained machine file (no `base`), booted in two moves because its bootstrap
# (LOAD10) neither stops nor jumps: RUN 1800, then ^E, then RUN 0. Reaches `MEMSIZ?`.
MACHINE_BASIC1 = examples/basic/basic1.toml
TAPE_BASIC1    = examples/basic/BASIC Ver 1-0.tap
LOADER_BASIC1  = examples/basic/LOAD10.HEX
NAME_BASIC1    = 8080 BASIC VER 1.0

# The Sol-20. Reaches SOLOS's prompt with TREK80 in the cassette deck; the operator types
# `XE TRK80`, because that is input to SOLOS and no machine file can type at a guest.
MACHINE_SOL   = examples/sol/trek80.toml
TAPE_SOL      = examples/sol/TRK80.TAP
WAV_SOL       = examples/sol/TRK80.WAV
NAME_SOL      = TREK80 (Processor Technology, 1977)

# Disk BASIC. Reaches its OK prompt after a five-question startup dialogue, and the second
# question (LINEPRINTER?) takes C, O or Q and re-asks in silence on anything else -- so any
# prose using these tokens has to say so, or it is describing a machine that looks hung.
MACHINE_DISKBASIC = examples/diskbasic/diskbasic.toml
DISK_DISKBASIC    = examples/diskbasic/Disk BASIC 4.1.dsk
NAME_DISKBASIC    = Altair Disk Extended BASIC 4.1
